// Vitest Snapshot v1

exports[`renders correct with no pets 1`] = `
<DocumentFragment>
  <div
    class="grid grid-cols-1 gap-4 sm:grid-cols-2 lg:grid-cols-3"
  >
    <h1>
      No Pets Found
    </h1>
  </div>
</DocumentFragment>
`;
